Unable to fetch the `Request.cf` object! Falling back to a default placeholder...
AggregateError [EACCES]: 
    at internalConnectMultiple (node:net:1194:18)
    at afterConnectMultiple (node:net:1784:7)
[2m5:50:42 PM[22m [33m[1m[vite][22m[39m [33m[2m(client)[22m[39m [2m[console.warn] [22m[vinext] Missing App Router element entry during render: layout:/
[2m5:53:08 PM[22m [31m[1m[vite][22m[39m [31mInternal server error: Failed to load url /app/globals.css (resolved id: C:/Users/user/OneDrive/Desktop/Website/app/globals.css) in C:/Users/user/OneDrive/Desktop/Website/app/layout.tsx. Does the file exist?[39m
      at runInRunnerObject (workers/runner-worker/index.js:107:3)
      at getWorkerEntryExport (workers/runner-worker/index.js:235:17)
      at null.<anonymous> (workers/runner-worker/index.js:354:24)
      at maybeCaptureError (workers/runner-worker/index.js:51:10)
[2m5:53:08 PM[22m [31m[1m[vite][22m[39m [31mInternal server error: Failed to load url /app/globals.css (resolved id: C:/Users/user/OneDrive/Desktop/Website/app/globals.css) in C:/Users/user/OneDrive/Desktop/Website/app/layout.tsx. Does the file exist?[39m
      at runInRunnerObject (workers/runner-worker/index.js:107:3)
      at getWorkerEntryExport (workers/runner-worker/index.js:235:17)
      at null.<anonymous> (workers/runner-worker/index.js:354:24)
      at maybeCaptureError (workers/runner-worker/index.js:51:10)
[2m5:53:08 PM[22m [31m[1m[vite][22m[39m [31m[2m(client)[22m[39m [2m[console.error] [22m[vite] Internal Server Error
Failed to load url /app/globals.css (resolved id: C:/Users/user/OneDrive/Desktop/Website/app/globals.css) in C:/Users/user/OneDrive/Desktop/Website/app/layout.tsx. Does the file exist?
    at runInRunnerObject (workers/runner-worker/index.js:107:3)
    at getWorkerEntryExport (workers/runner-worker/index.js:235:17)
    at null.<anonymous> (workers/runner-worker/index.js:354:24)
    at maybeCaptureError (workers/runner-worker/index.js:51:10)
[2m5:53:08 PM[22m [31m[1m[vite][22m[39m [31m[2m(client)[22m[39m [2m[console.error] [22m[vinext] RSC HMR error: TypeError: Failed to fetch
    at applyRscHmrUpdate (http://localhost:3000/node_modules/vinext/dist/server/app-browser-entry.js?v=daa6e7db:1202:94)
    at async handleRscUpdate (http://localhost:3000/node_modules/vinext/dist/server/app-browser-entry.js?v=daa6e7db:1207:5)
Unable to fetch the `Request.cf` object! Falling back to a default placeholder...
AggregateError [EACCES]: 
    at internalConnectMultiple (node:net:1194:18)
    at afterConnectMultiple (node:net:1784:7)
